{"id":"0dd227489fa5","content":"Linux for the Sega MegaDrive\n\nIs this a joke?\n\nNo\n\nWhat do I need?\n\n• A Sega Megadrive\n\n• Mega EverDrive Core or Pro (pro is untested) (See: https://krikzz.com/our-products/cartridges/)\n\n• USB cable between the EverDrive and your PC\n\n• Time to burn\n\nWill this work on a (normal) emulator?\n\nProbably not, the emulator would need to emulate the EverDrive's special SSF2 mapper that gives\nus 4MB of RAM, the EverDrive's protocol that allows the MegaDrive to load files from the SD\ncard and the timer register the EverDrive provides.\n\nA QEMU fork that emulates enough of the MegaDrive and the EverDrive to play with this without\nthe real hardware is included. Note that this doesn't really emulate the feel of the real thing,\nQEMU emulates the CPU way too fast.\n\nBuild instructions\n\n•\nRun ./buildtoolchain.sh to build a toolchain. This uses buildroot but we do not build a root\nfilesystem with it. buildroot is the least painful way to get a m68k-linux toolchain that can\nproduce usable binaries for 68000.\n\n•\nRun ./builduboot.sh to use the toolchain to build u-boot.\n\n•\nRun ./buildmedtool.sh to build medtool to interact with the everdrive for serial console.\n\n•\nRun ./buildlinux.sh to build the linux kernel image.\n\n•\nRun ./buildrootfs.sh to build the rootfs erofs image.\n\nFor the emulated version\n\n•\nRun ./buildqemu.sh to build QEMU\n\n•\nRun ./runqemu.sh to run QEMU and boot.\n\nBoot instructions\n\n•\nCopy u-boot/u-boot.bin, linux/vmlinux.lz4, smolutils/m68k.erofs to your EverDrive SD card\n\n•\nPower up the Megadrive\n\n•\nConnect the USB cable to your PC (It might be OK to connect it while the Megadrive is off but I had issues with it)\n\n•\nCheck your dmesg to make sure the EverDrive is detected. You should see something like this:\n\n[1135618.045606] usb 3-2: new full-speed USB device number 5 using xhci_hcd\n[1135618.255415] usb 3-2: New USB device found, idVendor=0483, idProduct=5740, bcdDevice= 2.00\n[1135618.255428] usb 3-2: New USB device strings: Mfr=1, Product=2, SerialNumber=3\n[1135618.255430] usb 3-2: Product: Mega EverDrive\n[1135618.255432] usb 3-2: Manufacturer: STMicroelectronics\n[1135618.255434] usb 3-2: SerialNumber: 00000000001A\n[1135618.307393] cdc_acm 3-2:1.0: ttyACM0: USB ACM device\n[1135618.307472] usbcore: registered new interface driver cdc_acm\n[1135618.307475] cdc_acm: USB Abstract Control Model driver for USB modems and ISDN adapters\n\n• Connect medtool to your EverDrive in terminal mode:\n\n./medtool/medtool -p /dev/ttyACM0 -m terminal\nOpened serial port /dev/ttyACM0\ndata out, 4 bytes -->\n0x2b 0xd4 0x40 0xbf\n<-- data in, 4 bytes\n0x5a 0x05 0x25 0x00\ncore\nCreating socket and waiting for connection (minicom -D unix#/tmp/medtool)\n\n•\nDo what it told you and start minicom with it connecting to the unix socket for medtool\n\n•\nIn the EverDrive menu select u-boot.bin hit a button, and then hit start game\n\n• Wait a little while and you should see u-boot appear on in minicom:\n\nWelcome to minicom 2.10\nOPTIONS: I18n\nPort unix#/tmp/medtool [?]\nPress CTRL-A Z for help on special keys\nmd\n!\na\nb\nc\nU-Boot 2026.01-00675-g9da66c43e96b-dirty (Jun 24 2026 - 20:10:31 +0900)\nDRAM: 3.8 MiB\nSR is 0x2700\ncopy from 00000000 to 00398000, 0x27f70 bytes (reloc_off 0x00398000)\ncopied from 00000000 to 00398000, 0x27f70 bytes (reloc_off 0x00398000)\nclearing new bss from 003bd000 to 003bff70\nDoing relocation\nRelocation point of no return, new SP 0x003368d0, jump to 0x003a0370\nCore: 5 devices, 5 uclasses, devicetree: embed\nLoading Environment from NVRAM... *** Warning - bad CRC, using default environment\nIn: serial\nOut: serial,vidconsole\nErr: serial\nHit any key to stop autoboot: 0\nstatus; 0xa500\nstatus; 0xa500\nLoading vmlinux.lz4, 744178 bytes\nstatus; 0xa500\nDone\nUncompressed size: 1270696 = 0x1363A8\nELF overwrites reserved memory: 0x00000000 -> 0x0013ff35: -22\nnew fdt 003392a8\nL\ns\nKLinux version 7.1.0-rc6-00250-g29f5b5b8fc12-dirty (daniel@kinako) (m68k-linux-gcc.br_real (Buildroot -gdb75a8eea0bd) 15.2.0, GNU ld (GNU Binutils) 2.46.0.20260210) #374 Wed Jun 24 22:12:37 JST 2026\nFlat model support (C) 1998,1999 Kenneth Albanowski, D. Jeff Dionne\nGeneric DT Machine (C) 2024 Daniel Palmer <daniel@thingy.jp>\nOF: reserved mem: Reserved memory: No reserved-memory node in the DT\nZone ranges:\nDMA [mem 0x0000000000000000-0x00000000003fffff]\nNormal empty\nMovable zone start for each node\nEarly memory node ranges\nnode 0: [mem 0x0000000000000000-0x00000000003fffff]\nInitmem setup node 0 [mem 0x0000000000000000-0x00000000003fffff]\nKernel command line: console=ttyVDP0 console=ttyED0 root=/dev/edblk -- smolinit.getty=/dev/ttyED0 smolinit.getty=/dev/ttyVDP0 smolinit.hostname=md\nprintk: log buffer data + meta data: 4096 + 8704 = 12800 bytes\nDentry cache hash table entries: 1024 (order: 0, 4096 bytes, linear)\nInode-cache hash table entries: 1024 (order: 0, 4096 bytes, linear)\nBuilt 1 zonelists, mobility grouping off. Total pages: 1024\nmem auto-init: stack:all(zero), heap alloc:off, heap free:off\nSLUB: HWalign=16, Order=0-1, MinObjects=0, CPUs=1, Nodes=1\nNR_IRQS: 32\nclocksource: everdrive-timer: mask: 0xffff max_cycles: 0xffff, max_idle_ns: 29163075000 ns\nprintk: console [ttyVDP0] enabled\nprintk: console [ttyED0] enabled\nCalibrating delay loop... 0.72 BogoMIPS (lpj=5984)\npid_max: default: 4096 minimum: 301\nMount-cache hash table entries: 1024 (order: 0, 4096 bytes, linear)\nMountpoint-cache hash table entries: 1024 (order: 0, 4096 bytes, linear)\nVFS: Finished mounting rootfs on nullfs\neverdrive fifo thread started\nMemory: 2532K/4096K available (1002K kernel code, 54K rwdata, 108K rodata, 72K init, 39K bss, 1368K reserved, 0K cma-reserved)\ndevtmpfs: initialized\nclocksource: jiffies: mask: 0xffffffff max_cycles: 0xffffffff, max_idle_ns: 31854341414376613 ns\nclocksource: Switched to clocksource everdrive-timer\nworkingset: timestamp_bits=30 (anon: 26) max_order=10 bucket_order=0 (anon: 0)\nstatus 0xa500\nstatus 0xa500\nstatus 0xa500\neverdrive-blk everdrive-blk@0: Everdrive blk created for m68k.erofs, size is 90112\nerofs (device edblk): mounted with root inode @ nid 36.\nVFS: Mounted root (erofs filesystem) readonly on device 259:0.\ndevtmpfs: mounted\nVFS: Pivoted into new rootfs\nFreeing unused kernel image (initmem) memory: 72K\nThis architecture does not have kernel memory protection.\nRun /sbin/init as init process\nsmolutils init (Jun 20 2026, 22:01:47)\ncmdline args:\nsmolinit.getty=/dev/ttyED0\nWill start getty on TTY /dev/ttyED0\nsmolinit.getty=/dev/ttyVDP0\nWill start getty on TTY /dev/ttyVDP0\nsmolinit.hostname=md\nHostname will be md\nenvironment variables\nHOME=/\nTERM=linux\nmounting filesystems...\nmounted sysfs(sysfs) on /sys\nmounted proc(proc) on /proc\nmounted tmp(tmpfs) on /tmp\nmounted run(tmpfs) on /run\nStarting getty on /dev/ttyED0 with shell /bin/smolsh\nStarting getty on /dev/ttyVDP0 with shell /bin/smolsh\nsmolsh / > ls -l\nrandom: crng init done\ndr-xr-xr-x 2 root root 447 bin\ndrwxr-xr-x 2 root root 0 dev\ndr-xr-xr-x 61 root root 0 proc\ndrwxr-xr-x 2 root root 0 run\ndr-x------ 2 root root 112 sbin\ndr-xr-xr-x 11 root root 0 sys\ndrwxr-xr-x 2 root root 0 tmp\nsmolsh / > ps\nUSER PID CMD\nroot 1 init\nroot 2 kthreadd\nroot 3 pool_workqueue_release\nroot 4 kworker/R-slub_flushwq\nroot 5 kworker/0:0-events\nroot 8 kworker/R-mm_percpu_wq\nroot 9 everdrive_fifo\nroot 10 ksoftirqd/0\nroot 11 pr/ttyED0\nroot 12 pr/ttyVDP0\nroot 13 kworker/0:1\nroot 14 kdevtmpfs\nroot 15 kworker/R-writeback\nroot 16 kworker/R-kblockd\nroot 17 kswapd0\nroot 18 kworker/u5:0\nroot 19 kworker/u4:1-ttyED-ttyED\nroot 20 kworker/u4:2-ttyED-ttyED\nroot 21 kworker/0:1H-kblockd\nroot 24 getty\nroot 25 getty\nroot 26 smolsh\nroot 27 smolsh\nroot 29 kworker/u4:3-ttyED-ttyED\nroot 30 ps\nroot 31 kworker/0:0H\nroot 32 kworker/u4:0-ttyED-ttyED\nsmolsh / >\n\nLoading and decompressing the kernel will take some time. Wait!\n\nNote that is insanely slow right now. A 12MHz 68000 system I have is way more usable than the megadrive\nis right now. This needs a bit of optimization. Interacting with the EverDrive fifo is pretty slow.\n\nBut what's the point if its just over serial anyone can do that?\n\nWell, there is a fancy console using the MegaDrive's video output. It even has nice scrolling..\n\n• In the top right corner there is a green box, that is the \"heartbeat\" and will flash to show the kernel is running.\n\n• There is also a red box under the green one, that is a disk activity indicator."}